[2025-09-08 18:55:21.009] [INFO ] [SESSION] Started analysis session: e0845d4d (Project: Gestao_de_Recondicionamentos_Caetano_Retail, Process: 25.ff08e50c-7c7e-4e9b-93f9-74d64ae97187)
[2025-09-08 18:55:21.010] [DEBUG] [PERF] Started timer: total_analysis
[2025-09-08 18:55:21.010] [MILE ] [PIPELINE] Starting analysis pipeline
[2025-09-08 18:55:21.011] [DEBUG] [PERF] Started timer: total_pipeline
[2025-09-08 18:55:21.011] [INFO ] [MAIN] Initializing ProcessLoader...
[2025-09-08 18:55:21.011] [DEBUG] [PERF] Started timer: loader_init
[2025-09-08 18:55:21.094] [INFO ] [PERF] Timer loader_init: 82ms
[2025-09-08 18:55:21.096] [INFO ] [MAIN] Loading process tree for: 25.ff08e50c-7c7e-4e9b-93f9-74d64ae97187
[2025-09-08 18:55:21.096] [DEBUG] [PERF] Started timer: process_loading
[2025-09-08 18:55:21.800] [INFO ] [PERF] Timer process_loading: 704ms
[2025-09-08 18:55:21.801] [DEBUG] [MAIN] Memory: Used=289MB, Free=649MB, Total=939MB, Max=3572MB
[2025-09-08 18:55:21.801] [INFO ] [MAIN] Creating report generator...
[2025-09-08 18:55:21.803] [INFO ] [MAIN] Initializing V3 navigator...
[2025-09-08 18:55:21.804] [INFO ] [MAIN] Populating main report...
[2025-09-08 18:55:21.804] [DEBUG] [PERF] Started timer: report_population
[2025-09-08 18:55:22.969] [INFO ] [PERF] Timer report_population: 1,2s
[2025-09-08 18:55:22.969] [INFO ] [MAIN] Generating final JSON...
[2025-09-08 18:55:22.969] [DEBUG] [PERF] Started timer: json_generation
[2025-09-08 18:55:23.050] [INFO ] [PERF] Timer json_generation: 81ms
[2025-09-08 18:55:23.052] [INFO ] [PERF] Timer total_pipeline: 2,0s
[2025-09-08 18:55:23.052] [MILE ] [PIPELINE] Analysis pipeline completed
[2025-09-08 18:55:23.053] [MILE ] [REPORTS] Starting comprehensive report generation
[2025-09-08 18:55:23.058] [INFO ] [REPORTS] Generating quality analysis report...
[2025-09-08 18:55:23.058] [DEBUG] [PERF] Started timer: quality_report
[2025-09-08 18:55:23.134] [INFO ] [REPORTS] Quality report saved: output\20250908_185514_processoLegado_v3_quality_report.txt
[2025-09-08 18:55:23.134] [INFO ] [PERF] Timer quality_report: 76ms
[2025-09-08 18:55:23.134] [INFO ] [REPORTS] Generating BPMN structure validation...
[2025-09-08 18:55:23.134] [DEBUG] [PERF] Started timer: validation_report
[2025-09-08 18:55:23.136] [DEBUG] [VALIDATION] Validating artifact: 2 - Orcamentar Impl 2
[2025-09-08 18:55:23.142] [WARN ] [VALIDATION] Validation errors found in: 2 - Orcamentar Impl 2
[2025-09-08 18:55:23.143] [DEBUG] [VALIDATION] Validating artifact: Get Vehicle Data
[2025-09-08 18:55:23.143] [DEBUG] [VALIDATION] Validating artifact: Email BPM
[2025-09-08 18:55:23.143] [DEBUG] [VALIDATION] Validating artifact: SQL Execute Multiple Statements (SQLResult)
[2025-09-08 18:55:23.144] [DEBUG] [VALIDATION] Validating artifact: 2 - Orcamentar Impl
[2025-09-08 18:55:23.144] [WARN ] [VALIDATION] Validation errors found in: 2 - Orcamentar Impl
[2025-09-08 18:55:23.145] [DEBUG] [VALIDATION] Validating artifact: SQL Execute Statement
[2025-09-08 18:55:23.145] [DEBUG] [VALIDATION] Validating artifact: Get Email Template
[2025-09-08 18:55:23.145] [DEBUG] [VALIDATION] Validating artifact: Recondicionamentos - Novo pedido
[2025-09-08 18:55:23.145] [WARN ] [VALIDATION] Validation errors found in: Recondicionamentos - Novo pedido
[2025-09-08 18:55:23.145] [DEBUG] [VALIDATION] Validating artifact: Get Employee
[2025-09-08 18:55:23.145] [DEBUG] [VALIDATION] Validating artifact: Eurotax
[2025-09-08 18:55:23.146] [DEBUG] [VALIDATION] Validating artifact: GetXref
[2025-09-08 18:55:23.146] [DEBUG] [VALIDATION] Validating artifact: Validar Pedido Recondicionamento
[2025-09-08 18:55:23.147] [DEBUG] [VALIDATION] Validating artifact: Send E-mail via SMTP
[2025-09-08 18:55:23.147] [DEBUG] [VALIDATION] Validating artifact: Get Employees
[2025-09-08 18:55:23.147] [DEBUG] [VALIDATION] Validating artifact: Get Employee JAR
[2025-09-08 18:55:23.148] [DEBUG] [VALIDATION] Validating artifact: Cancel Reconditioning Request
[2025-09-08 18:55:23.148] [DEBUG] [VALIDATION] Validating artifact: 1 - Pedido Recondicionamento Impl
[2025-09-08 18:55:23.150] [DEBUG] [VALIDATION] Validating artifact: Notificar Conclusão do Processo
[2025-09-08 18:55:23.150] [DEBUG] [VALIDATION] Validating artifact: __Register or Update Reconditioning Data
[2025-09-08 18:55:23.151] [DEBUG] [VALIDATION] Validating artifact: SQL Execute Statement (SQLResult)
[2025-09-08 18:55:23.151] [DEBUG] [VALIDATION] Validating artifact: Notificar Inicio do Processo
[2025-09-08 18:55:23.152] [DEBUG] [VALIDATION] Validating artifact: Notificar Autorização
[2025-09-08 18:55:23.152] [DEBUG] [VALIDATION] Validating artifact: Get User Locale and Set Task sub
[2025-09-08 18:55:23.152] [DEBUG] [VALIDATION] Validating artifact: 4 - Indicar Inicio da Reparação Impl
[2025-09-08 18:55:23.153] [DEBUG] [VALIDATION] Validating artifact: Limpar Lista Items de Recondicionamento
[2025-09-08 18:55:23.153] [DEBUG] [VALIDATION] Validating artifact: Register Date Records
[2025-09-08 18:55:23.154] [DEBUG] [VALIDATION] Validating artifact: GRCR Init Instance
[2025-09-08 18:55:23.154] [DEBUG] [VALIDATION] Validating artifact: Get IdBpmProcess
[2025-09-08 18:55:23.154] [DEBUG] [VALIDATION] Validating artifact: Notificar Reorçamentar
[2025-09-08 18:55:23.156] [DEBUG] [VALIDATION] Validating artifact: Voltar para Orcamento
[2025-09-08 18:55:23.156] [DEBUG] [VALIDATION] Validating artifact: Register General Process Start
[2025-09-08 18:55:23.156] [DEBUG] [VALIDATION] Validating artifact: Get Task Users
[2025-09-08 18:55:23.157] [DEBUG] [VALIDATION] Validating artifact: Notificar Atraso ou Alteracao
[2025-09-08 18:55:23.157] [DEBUG] [VALIDATION] Validating artifact: 
[2025-09-08 18:55:23.157] [WARN ] [VALIDATION] Validation errors found in: 
[2025-09-08 18:55:23.157] [DEBUG] [VALIDATION] Validating artifact: Get Dealer Structure Persons By Profile
[2025-09-08 18:55:23.158] [DEBUG] [VALIDATION] Validating artifact: 0  - Verificar Tamanhos
[2025-09-08 18:55:23.158] [DEBUG] [VALIDATION] Validating artifact: Stringfy Entidade
[2025-09-08 18:55:23.158] [DEBUG] [VALIDATION] Validating artifact: Register Reconditioning Data
[2025-09-08 18:55:23.159] [DEBUG] [VALIDATION] Validating artifact: Popular Emails
[2025-09-08 18:55:23.159] [DEBUG] [VALIDATION] Validating artifact: 1 - Pedido Recondicionamento
[2025-09-08 18:55:23.160] [DEBUG] [VALIDATION] Validating artifact: GSSGRCRService
[2025-09-08 18:55:23.161] [DEBUG] [VALIDATION] Validating artifact: Notificar Cancelamento do Processo
[2025-09-08 18:55:23.161] [DEBUG] [VALIDATION] Validating artifact: Change Reconditioning Repair Start
[2025-09-08 18:55:23.162] [DEBUG] [VALIDATION] Validating artifact: Adicionar Dias Uteis JAR
[2025-09-08 18:55:23.162] [DEBUG] [VALIDATION] Validating artifact: Register New Budget
[2025-09-08 18:55:23.162] [DEBUG] [VALIDATION] Validating artifact: 3 - Avaliar Orcamento
[2025-09-08 18:55:23.163] [DEBUG] [VALIDATION] Validating artifact: BPM Service Monitor
[2025-09-08 18:55:23.163] [DEBUG] [VALIDATION] Validating artifact: Get Vehicle Wheels
[2025-09-08 18:55:23.163] [DEBUG] [VALIDATION] Validating artifact: GRCR Adhoc Service Upd Start Date
[2025-09-08 18:55:23.164] [DEBUG] [VALIDATION] Validating artifact: Validar Inicio de Reparacao
[2025-09-08 18:55:23.164] [DEBUG] [VALIDATION] Validating artifact: 5 - Actualizar Previsoes
[2025-09-08 18:55:23.164] [DEBUG] [VALIDATION] Validating artifact: Validar Orçamento
[2025-09-08 18:55:23.166] [DEBUG] [VALIDATION] Validating artifact: Items de Recondicionamento Table
[2025-09-08 18:55:23.166] [DEBUG] [VALIDATION] Validating artifact: Update All Reconditioning Data
[2025-09-08 18:55:23.170] [DEBUG] [VALIDATION] Validating artifact: Update Areas and Services
[2025-09-08 18:55:23.170] [DEBUG] [VALIDATION] Validating artifact: 2 - Orcamentar
[2025-09-08 18:55:23.171] [DEBUG] [VALIDATION] Validating artifact: Notificar Viatura Pronta
[2025-09-08 18:55:23.171] [DEBUG] [VALIDATION] Validating artifact: Get Dealer Structure Persons By Profile JAR
[2025-09-08 18:55:23.171] [DEBUG] [VALIDATION] Validating artifact: Notificar Canalização do Processo
[2025-09-08 18:55:23.172] [DEBUG] [VALIDATION] Validating artifact: Notificar Excepção Ocorrida
[2025-09-08 18:55:23.172] [DEBUG] [VALIDATION] Validating artifact: SQL Call Stored Procedure
[2025-09-08 18:55:23.172] [DEBUG] [VALIDATION] Validating artifact: Validar Avaliar Orçamento
[2025-09-08 18:55:23.172] [DEBUG] [VALIDATION] Validating artifact: 
[2025-09-08 18:55:23.172] [WARN ] [VALIDATION] Validation errors found in: 
[2025-09-08 18:55:23.173] [DEBUG] [VALIDATION] Validating artifact: GRCR Upd Instance Data
[2025-09-08 18:55:23.173] [DEBUG] [VALIDATION] Validating artifact: Validar Atualizar Status
[2025-09-08 18:55:23.173] [DEBUG] [VALIDATION] Validating artifact: GRCR Adhoc Service Upd PRD
[2025-09-08 18:55:23.173] [DEBUG] [VALIDATION] Validating artifact: GRCR Adhoc Service Pipe
[2025-09-08 18:55:23.173] [DEBUG] [VALIDATION] Validating artifact: Notificar Previsao Fim Reparação
[2025-09-08 18:55:23.173] [DEBUG] [VALIDATION] Validating artifact: Update Reconditioning Request
[2025-09-08 18:55:23.174] [DEBUG] [VALIDATION] Validating artifact: Get price table
[2025-09-08 18:55:23.174] [DEBUG] [VALIDATION] Validating artifact: 7 - Finalizar Processo Entidade Externa Impl
[2025-09-08 18:55:23.174] [DEBUG] [VALIDATION] Validating artifact: 5 - Actualizar Previsoes Impl
[2025-09-08 18:55:23.174] [DEBUG] [VALIDATION] Validating artifact: Resposta Automática Viatura Pronta
[2025-09-08 18:55:23.174] [DEBUG] [VALIDATION] Validating artifact: HTTP Request
[2025-09-08 18:55:23.176] [DEBUG] [VALIDATION] Validating artifact: Register Entities
[2025-09-08 18:55:23.176] [DEBUG] [VALIDATION] Validating artifact: GRCR New Process
[2025-09-08 18:55:23.176] [DEBUG] [VALIDATION] Validating artifact: Is Employee In Profile
[2025-09-08 18:55:23.176] [DEBUG] [VALIDATION] Validating artifact: Change Reconditioning PRD Status
[2025-09-08 18:55:23.176] [DEBUG] [VALIDATION] Validating artifact: 4 - Indicar Inicio da Reparação
[2025-09-08 18:55:23.177] [DEBUG] [VALIDATION] Validating artifact: 6 - Indicar Responsabilidade de Entrega Viatura Impl
[2025-09-08 18:55:23.177] [DEBUG] [VALIDATION] Validating artifact: 0 - Controlar Excepção Ocorrida
[2025-09-08 18:55:23.177] [DEBUG] [VALIDATION] Validating artifact: Adicionar Dias Uteis
[2025-09-08 18:55:23.177] [DEBUG] [VALIDATION] Validating artifact: Set Dates External Entities
[2025-09-08 18:55:23.177] [DEBUG] [VALIDATION] Validating artifact: Validar Recepção de Viatura
[2025-09-08 18:55:23.178] [DEBUG] [VALIDATION] Validating artifact: Get Main Pole, Brand and Platform
[2025-09-08 18:55:23.178] [DEBUG] [VALIDATION] Validating artifact: 3 - Avaliar Orcamento Impl
[2025-09-08 18:55:23.178] [DEBUG] [VALIDATION] Validating artifact: Repopular Items de Recondicionamento
[2025-09-08 18:55:23.178] [DEBUG] [VALIDATION] Validating artifact: SQL Execute Multiple Statements
[2025-09-08 18:55:23.178] [DEBUG] [VALIDATION] Validating artifact: SQL Call Stored Procedure  (SQLResult)
[2025-09-08 18:55:23.178] [DEBUG] [VALIDATION] Validating artifact: Detalhe Processo [INTRCTRL]
[2025-09-08 18:55:23.179] [DEBUG] [VALIDATION] Validating artifact: Get Annual Holidays
[2025-09-08 18:55:23.184] [INFO ] [REPORTS] Validation report saved: output\20250908_185514_processoLegado_v3_validation_report.txt
[2025-09-08 18:55:23.184] [INFO ] [PERF] Timer validation_report: 50ms
[2025-09-08 18:55:23.184] [INFO ] [REPORTS] Generating process metrics...
[2025-09-08 18:55:23.184] [DEBUG] [PERF] Started timer: metrics_report
[2025-09-08 18:55:23.219] [INFO ] [REPORTS] Metrics report saved: output\20250908_185514_processoLegado_v3_metrics_report.html
[2025-09-08 18:55:23.220] [INFO ] [PERF] Timer metrics_report: 36ms
[2025-09-08 18:55:23.222] [INFO ] [SUMMARY] Navigation Analysis: NavigationAnalysis{artifacts=91, dependencies=0, paths=127, time=1,4s, complex=YES}
[2025-09-08 18:55:23.222] [INFO ] [SUMMARY] Quality Analysis: QualityReport{issues=1193, recommendations=3, score=Poor}
[2025-09-08 18:55:23.222] [WARN ] [QUALITY] Quality analysis for OVERALL: Score=Poor, Issues=1193
[2025-09-08 18:55:23.227] [INFO ] [SUMMARY] Validation Analysis: BpmnValidationReport{artifacts=91, valid=69, invalid=5, totalIssues=773}
[2025-09-08 18:55:23.228] [INFO ] [SUMMARY] Metrics Analysis: ProcessMetricsReport{artifacts=91, generated=Mon Sep 08 18:55:23 BRT 2025, summary=AggregatedMetrics{artifacts=91, avgComplexity=17,8, avgAI-Ready=86,2, highQuality=71}}
[2025-09-08 18:55:23.230] [WARN ] [SUMMARY] HIGH COMPLEXITY DETECTED
[2025-09-08 18:55:23.230] [WARN ] [SUMMARY] Maximum nesting depth: 1
[2025-09-08 18:55:23.230] [WARN ] [SUMMARY] Total subprocesses: 202
[2025-09-08 18:55:23.230] [WARN ] [SUMMARY] Complex artifacts: 46
[2025-09-08 18:55:23.230] [MILE ] [REPORTS] Comprehensive reports completed
[2025-09-08 18:55:23.232] [INFO ] [PERF] Timer total_analysis: 2,2s
[2025-09-08 18:55:23.232] [INFO ] [SESSION] === ANALYSIS SESSION SUMMARY ===
[2025-09-08 18:55:23.232] [INFO ] [SESSION] Session ID: e0845d4d
[2025-09-08 18:55:23.232] [INFO ] [SESSION] Project: Gestao_de_Recondicionamentos_Caetano_Retail
[2025-09-08 18:55:23.233] [INFO ] [SESSION] Process: 25.ff08e50c-7c7e-4e9b-93f9-74d64ae97187
[2025-09-08 18:55:23.233] [INFO ] [SESSION] Duration: 2,2s
[2025-09-08 18:55:23.233] [INFO ] [SESSION] Artifacts Processed: 0
[2025-09-08 18:55:23.233] [INFO ] [SESSION] Warnings: 10
[2025-09-08 18:55:23.233] [INFO ] [SESSION] Errors: 0
[2025-09-08 18:55:23.233] [INFO ] [SESSION] Performance Breakdown:
[2025-09-08 18:55:23.233] [INFO ] [SESSION]   metrics_report: 36ms
[2025-09-08 18:55:23.233] [INFO ] [SESSION]   total_analysis: 2,2s
[2025-09-08 18:55:23.233] [INFO ] [SESSION]   total_pipeline: 2,0s
[2025-09-08 18:55:23.233] [INFO ] [SESSION]   process_loading: 704ms
[2025-09-08 18:55:23.233] [INFO ] [SESSION]   json_generation: 81ms
[2025-09-08 18:55:23.233] [INFO ] [SESSION]   validation_report: 50ms
[2025-09-08 18:55:23.233] [INFO ] [SESSION]   report_population: 1,2s
[2025-09-08 18:55:23.233] [INFO ] [SESSION]   quality_report: 76ms
[2025-09-08 18:55:23.233] [INFO ] [SESSION]   loader_init: 82ms
[2025-09-08 18:55:23.233] [INFO ] [SESSION] Warnings Summary:
[2025-09-08 18:55:23.234] [INFO ] [SESSION]   - Validation errors found in: 2 - Orcamentar Impl 2
[2025-09-08 18:55:23.234] [INFO ] [SESSION]   - Validation errors found in: 2 - Orcamentar Impl
[2025-09-08 18:55:23.234] [INFO ] [SESSION]   - Validation errors found in: Recondicionamentos - Novo pedido
[2025-09-08 18:55:23.234] [INFO ] [SESSION]   - Validation errors found in: 
[2025-09-08 18:55:23.234] [INFO ] [SESSION]   - Validation errors found in: 
[2025-09-08 18:55:23.234] [INFO ] [SESSION]   ... and 5 more warnings
[2025-09-08 18:55:23.234] [INFO ] [SESSION] === END SUMMARY ===
[2025-09-08 18:55:23.234] [INFO ] [SESSION] Analysis session completed: e0845d4d
[2025-09-08 18:55:23.234] [WARN ] [PERF] Timer not found: total_analysis
[2025-09-08 18:55:23.234] [INFO ] [SESSION] Analysis session completed: e0845d4d
