[2025-09-08 17:44:31.113] [INFO ] [SESSION] Started analysis session: d04aeafb (Project: Gestao_de_Recondicionamentos_Caetano_Retail, Process: 25.ff08e50c-7c7e-4e9b-93f9-74d64ae97187)
[2025-09-08 17:44:31.114] [DEBUG] [PERF] Started timer: total_analysis
[2025-09-08 17:44:31.115] [MILE ] [PIPELINE] Starting analysis pipeline
[2025-09-08 17:44:31.115] [DEBUG] [PERF] Started timer: total_pipeline
[2025-09-08 17:44:31.115] [INFO ] [MAIN] Initializing ProcessLoader...
[2025-09-08 17:44:31.115] [DEBUG] [PERF] Started timer: loader_init
[2025-09-08 17:44:31.174] [INFO ] [PERF] Timer loader_init: 58ms
[2025-09-08 17:44:31.176] [INFO ] [MAIN] Loading process tree for: 25.ff08e50c-7c7e-4e9b-93f9-74d64ae97187
[2025-09-08 17:44:31.176] [DEBUG] [PERF] Started timer: process_loading
[2025-09-08 17:44:31.683] [INFO ] [PERF] Timer process_loading: 507ms
[2025-09-08 17:44:31.684] [DEBUG] [MAIN] Memory: Used=113MB, Free=873MB, Total=987MB, Max=3572MB
[2025-09-08 17:44:31.684] [INFO ] [MAIN] Creating report generator...
[2025-09-08 17:44:31.685] [INFO ] [MAIN] Initializing V3 navigator...
[2025-09-08 17:44:31.685] [INFO ] [MAIN] Populating main report...
[2025-09-08 17:44:31.685] [DEBUG] [PERF] Started timer: report_population
[2025-09-08 17:44:32.361] [INFO ] [PERF] Timer report_population: 676ms
[2025-09-08 17:44:32.361] [INFO ] [MAIN] Generating final JSON...
[2025-09-08 17:44:32.361] [DEBUG] [PERF] Started timer: json_generation
[2025-09-08 17:44:32.410] [INFO ] [PERF] Timer json_generation: 49ms
[2025-09-08 17:44:32.411] [INFO ] [PERF] Timer total_pipeline: 1,3s
[2025-09-08 17:44:32.411] [MILE ] [PIPELINE] Analysis pipeline completed
[2025-09-08 17:44:32.412] [MILE ] [REPORTS] Starting comprehensive report generation
[2025-09-08 17:44:32.415] [INFO ] [REPORTS] Generating quality analysis report...
[2025-09-08 17:44:32.415] [DEBUG] [PERF] Started timer: quality_report
[2025-09-08 17:44:32.467] [INFO ] [REPORTS] Quality report saved: output\20250908_174427_processoLegado_v3_quality_report.txt
[2025-09-08 17:44:32.468] [INFO ] [PERF] Timer quality_report: 53ms
[2025-09-08 17:44:32.468] [INFO ] [REPORTS] Generating BPMN structure validation...
[2025-09-08 17:44:32.468] [DEBUG] [PERF] Started timer: validation_report
[2025-09-08 17:44:32.469] [DEBUG] [VALIDATION] Validating artifact: 2 - Orcamentar Impl 2
[2025-09-08 17:44:32.475] [WARN ] [VALIDATION] Validation errors found in: 2 - Orcamentar Impl 2
[2025-09-08 17:44:32.476] [DEBUG] [VALIDATION] Validating artifact: Get Vehicle Data
[2025-09-08 17:44:32.476] [DEBUG] [VALIDATION] Validating artifact: Email BPM
[2025-09-08 17:44:32.476] [DEBUG] [VALIDATION] Validating artifact: SQL Execute Multiple Statements (SQLResult)
[2025-09-08 17:44:32.476] [DEBUG] [VALIDATION] Validating artifact: 2 - Orcamentar Impl
[2025-09-08 17:44:32.476] [WARN ] [VALIDATION] Validation errors found in: 2 - Orcamentar Impl
[2025-09-08 17:44:32.476] [DEBUG] [VALIDATION] Validating artifact: SQL Execute Statement
[2025-09-08 17:44:32.476] [DEBUG] [VALIDATION] Validating artifact: Get Email Template
[2025-09-08 17:44:32.477] [DEBUG] [VALIDATION] Validating artifact: Recondicionamentos - Novo pedido
[2025-09-08 17:44:32.477] [WARN ] [VALIDATION] Validation errors found in: Recondicionamentos - Novo pedido
[2025-09-08 17:44:32.477] [DEBUG] [VALIDATION] Validating artifact: Get Employee
[2025-09-08 17:44:32.477] [DEBUG] [VALIDATION] Validating artifact: Eurotax
[2025-09-08 17:44:32.477] [DEBUG] [VALIDATION] Validating artifact: GetXref
[2025-09-08 17:44:32.477] [DEBUG] [VALIDATION] Validating artifact: Validar Pedido Recondicionamento
[2025-09-08 17:44:32.477] [DEBUG] [VALIDATION] Validating artifact: Send E-mail via SMTP
[2025-09-08 17:44:32.478] [DEBUG] [VALIDATION] Validating artifact: Get Employees
[2025-09-08 17:44:32.478] [DEBUG] [VALIDATION] Validating artifact: Get Employee JAR
[2025-09-08 17:44:32.478] [DEBUG] [VALIDATION] Validating artifact: Cancel Reconditioning Request
[2025-09-08 17:44:32.478] [DEBUG] [VALIDATION] Validating artifact: 1 - Pedido Recondicionamento Impl
[2025-09-08 17:44:32.480] [DEBUG] [VALIDATION] Validating artifact: Notificar Conclusão do Processo
[2025-09-08 17:44:32.481] [DEBUG] [VALIDATION] Validating artifact: __Register or Update Reconditioning Data
[2025-09-08 17:44:32.481] [DEBUG] [VALIDATION] Validating artifact: SQL Execute Statement (SQLResult)
[2025-09-08 17:44:32.481] [DEBUG] [VALIDATION] Validating artifact: Notificar Inicio do Processo
[2025-09-08 17:44:32.481] [DEBUG] [VALIDATION] Validating artifact: Notificar Autorização
[2025-09-08 17:44:32.482] [DEBUG] [VALIDATION] Validating artifact: Get User Locale and Set Task sub
[2025-09-08 17:44:32.482] [DEBUG] [VALIDATION] Validating artifact: 4 - Indicar Inicio da Reparação Impl
[2025-09-08 17:44:32.482] [DEBUG] [VALIDATION] Validating artifact: Limpar Lista Items de Recondicionamento
[2025-09-08 17:44:32.482] [DEBUG] [VALIDATION] Validating artifact: Register Date Records
[2025-09-08 17:44:32.482] [DEBUG] [VALIDATION] Validating artifact: GRCR Init Instance
[2025-09-08 17:44:32.483] [DEBUG] [VALIDATION] Validating artifact: Get IdBpmProcess
[2025-09-08 17:44:32.483] [DEBUG] [VALIDATION] Validating artifact: Notificar Reorçamentar
[2025-09-08 17:44:32.483] [DEBUG] [VALIDATION] Validating artifact: Voltar para Orcamento
[2025-09-08 17:44:32.483] [DEBUG] [VALIDATION] Validating artifact: Register General Process Start
[2025-09-08 17:44:32.484] [DEBUG] [VALIDATION] Validating artifact: Get Task Users
[2025-09-08 17:44:32.484] [DEBUG] [VALIDATION] Validating artifact: Notificar Atraso ou Alteracao
[2025-09-08 17:44:32.484] [DEBUG] [VALIDATION] Validating artifact: 
[2025-09-08 17:44:32.484] [WARN ] [VALIDATION] Validation errors found in: 
[2025-09-08 17:44:32.484] [DEBUG] [VALIDATION] Validating artifact: Get Dealer Structure Persons By Profile
[2025-09-08 17:44:32.485] [DEBUG] [VALIDATION] Validating artifact: 0  - Verificar Tamanhos
[2025-09-08 17:44:32.485] [DEBUG] [VALIDATION] Validating artifact: Stringfy Entidade
[2025-09-08 17:44:32.485] [DEBUG] [VALIDATION] Validating artifact: Register Reconditioning Data
[2025-09-08 17:44:32.485] [DEBUG] [VALIDATION] Validating artifact: Popular Emails
[2025-09-08 17:44:32.485] [DEBUG] [VALIDATION] Validating artifact: 1 - Pedido Recondicionamento
[2025-09-08 17:44:32.486] [DEBUG] [VALIDATION] Validating artifact: GSSGRCRService
[2025-09-08 17:44:32.487] [DEBUG] [VALIDATION] Validating artifact: Notificar Cancelamento do Processo
[2025-09-08 17:44:32.487] [DEBUG] [VALIDATION] Validating artifact: Change Reconditioning Repair Start
[2025-09-08 17:44:32.490] [DEBUG] [VALIDATION] Validating artifact: Adicionar Dias Uteis JAR
[2025-09-08 17:44:32.490] [DEBUG] [VALIDATION] Validating artifact: Register New Budget
[2025-09-08 17:44:32.490] [DEBUG] [VALIDATION] Validating artifact: 3 - Avaliar Orcamento
[2025-09-08 17:44:32.491] [DEBUG] [VALIDATION] Validating artifact: BPM Service Monitor
[2025-09-08 17:44:32.491] [DEBUG] [VALIDATION] Validating artifact: Get Vehicle Wheels
[2025-09-08 17:44:32.491] [DEBUG] [VALIDATION] Validating artifact: GRCR Adhoc Service Upd Start Date
[2025-09-08 17:44:32.492] [DEBUG] [VALIDATION] Validating artifact: Validar Inicio de Reparacao
[2025-09-08 17:44:32.492] [DEBUG] [VALIDATION] Validating artifact: 5 - Actualizar Previsoes
[2025-09-08 17:44:32.492] [DEBUG] [VALIDATION] Validating artifact: Validar Orçamento
[2025-09-08 17:44:32.492] [DEBUG] [VALIDATION] Validating artifact: Items de Recondicionamento Table
[2025-09-08 17:44:32.493] [DEBUG] [VALIDATION] Validating artifact: Update All Reconditioning Data
[2025-09-08 17:44:32.493] [DEBUG] [VALIDATION] Validating artifact: Update Areas and Services
[2025-09-08 17:44:32.493] [DEBUG] [VALIDATION] Validating artifact: 2 - Orcamentar
[2025-09-08 17:44:32.494] [DEBUG] [VALIDATION] Validating artifact: Notificar Viatura Pronta
[2025-09-08 17:44:32.494] [DEBUG] [VALIDATION] Validating artifact: Get Dealer Structure Persons By Profile JAR
[2025-09-08 17:44:32.495] [DEBUG] [VALIDATION] Validating artifact: Notificar Canalização do Processo
[2025-09-08 17:44:32.495] [DEBUG] [VALIDATION] Validating artifact: Notificar Excepção Ocorrida
[2025-09-08 17:44:32.495] [DEBUG] [VALIDATION] Validating artifact: SQL Call Stored Procedure
[2025-09-08 17:44:32.496] [DEBUG] [VALIDATION] Validating artifact: Validar Avaliar Orçamento
[2025-09-08 17:44:32.496] [DEBUG] [VALIDATION] Validating artifact: 
[2025-09-08 17:44:32.496] [WARN ] [VALIDATION] Validation errors found in: 
[2025-09-08 17:44:32.496] [DEBUG] [VALIDATION] Validating artifact: GRCR Upd Instance Data
[2025-09-08 17:44:32.497] [DEBUG] [VALIDATION] Validating artifact: Validar Atualizar Status
[2025-09-08 17:44:32.497] [DEBUG] [VALIDATION] Validating artifact: GRCR Adhoc Service Upd PRD
[2025-09-08 17:44:32.497] [DEBUG] [VALIDATION] Validating artifact: GRCR Adhoc Service Pipe
[2025-09-08 17:44:32.497] [DEBUG] [VALIDATION] Validating artifact: Notificar Previsao Fim Reparação
[2025-09-08 17:44:32.498] [DEBUG] [VALIDATION] Validating artifact: Update Reconditioning Request
[2025-09-08 17:44:32.498] [DEBUG] [VALIDATION] Validating artifact: Get price table
[2025-09-08 17:44:32.499] [DEBUG] [VALIDATION] Validating artifact: 7 - Finalizar Processo Entidade Externa Impl
[2025-09-08 17:44:32.499] [DEBUG] [VALIDATION] Validating artifact: 5 - Actualizar Previsoes Impl
[2025-09-08 17:44:32.499] [DEBUG] [VALIDATION] Validating artifact: Resposta Automática Viatura Pronta
[2025-09-08 17:44:32.500] [DEBUG] [VALIDATION] Validating artifact: HTTP Request
[2025-09-08 17:44:32.500] [DEBUG] [VALIDATION] Validating artifact: Register Entities
[2025-09-08 17:44:32.500] [DEBUG] [VALIDATION] Validating artifact: GRCR New Process
[2025-09-08 17:44:32.500] [DEBUG] [VALIDATION] Validating artifact: Is Employee In Profile
[2025-09-08 17:44:32.500] [DEBUG] [VALIDATION] Validating artifact: Change Reconditioning PRD Status
[2025-09-08 17:44:32.501] [DEBUG] [VALIDATION] Validating artifact: 4 - Indicar Inicio da Reparação
[2025-09-08 17:44:32.501] [DEBUG] [VALIDATION] Validating artifact: 6 - Indicar Responsabilidade de Entrega Viatura Impl
[2025-09-08 17:44:32.501] [DEBUG] [VALIDATION] Validating artifact: 0 - Controlar Excepção Ocorrida
[2025-09-08 17:44:32.501] [DEBUG] [VALIDATION] Validating artifact: Adicionar Dias Uteis
[2025-09-08 17:44:32.502] [DEBUG] [VALIDATION] Validating artifact: Set Dates External Entities
[2025-09-08 17:44:32.502] [DEBUG] [VALIDATION] Validating artifact: Validar Recepção de Viatura
[2025-09-08 17:44:32.502] [DEBUG] [VALIDATION] Validating artifact: Get Main Pole, Brand and Platform
[2025-09-08 17:44:32.502] [DEBUG] [VALIDATION] Validating artifact: 3 - Avaliar Orcamento Impl
[2025-09-08 17:44:32.503] [DEBUG] [VALIDATION] Validating artifact: Repopular Items de Recondicionamento
[2025-09-08 17:44:32.503] [DEBUG] [VALIDATION] Validating artifact: SQL Execute Multiple Statements
[2025-09-08 17:44:32.503] [DEBUG] [VALIDATION] Validating artifact: SQL Call Stored Procedure  (SQLResult)
[2025-09-08 17:44:32.503] [DEBUG] [VALIDATION] Validating artifact: Detalhe Processo [INTRCTRL]
[2025-09-08 17:44:32.504] [DEBUG] [VALIDATION] Validating artifact: Get Annual Holidays
[2025-09-08 17:44:32.511] [INFO ] [REPORTS] Validation report saved: output\20250908_174427_processoLegado_v3_validation_report.txt
[2025-09-08 17:44:32.511] [INFO ] [PERF] Timer validation_report: 43ms
[2025-09-08 17:44:32.511] [INFO ] [REPORTS] Generating process metrics...
[2025-09-08 17:44:32.511] [DEBUG] [PERF] Started timer: metrics_report
[2025-09-08 17:44:32.550] [INFO ] [REPORTS] Metrics report saved: output\20250908_174427_processoLegado_v3_metrics_report.html
[2025-09-08 17:44:32.550] [INFO ] [PERF] Timer metrics_report: 39ms
[2025-09-08 17:44:32.553] [INFO ] [SUMMARY] Navigation Analysis: NavigationAnalysis{artifacts=91, dependencies=0, paths=127, time=867ms, complex=YES}
[2025-09-08 17:44:32.553] [INFO ] [SUMMARY] Quality Analysis: QualityReport{issues=1193, recommendations=3, score=Poor}
[2025-09-08 17:44:32.554] [WARN ] [QUALITY] Quality analysis for OVERALL: Score=Poor, Issues=1193
[2025-09-08 17:44:32.560] [INFO ] [SUMMARY] Validation Analysis: BpmnValidationReport{artifacts=91, valid=69, invalid=5, totalIssues=773}
[2025-09-08 17:44:32.560] [INFO ] [SUMMARY] Metrics Analysis: ProcessMetricsReport{artifacts=91, generated=Mon Sep 08 17:44:32 BRT 2025, summary=AggregatedMetrics{artifacts=91, avgComplexity=17,8, avgAI-Ready=86,2, highQuality=71}}
[2025-09-08 17:44:32.562] [WARN ] [SUMMARY] HIGH COMPLEXITY DETECTED
[2025-09-08 17:44:32.562] [WARN ] [SUMMARY] Maximum nesting depth: 1
[2025-09-08 17:44:32.562] [WARN ] [SUMMARY] Total subprocesses: 202
[2025-09-08 17:44:32.562] [WARN ] [SUMMARY] Complex artifacts: 46
[2025-09-08 17:44:32.562] [MILE ] [REPORTS] Comprehensive reports completed
[2025-09-08 17:44:32.563] [INFO ] [PERF] Timer total_analysis: 1,4s
[2025-09-08 17:44:32.564] [INFO ] [SESSION] === ANALYSIS SESSION SUMMARY ===
[2025-09-08 17:44:32.564] [INFO ] [SESSION] Session ID: d04aeafb
[2025-09-08 17:44:32.564] [INFO ] [SESSION] Project: Gestao_de_Recondicionamentos_Caetano_Retail
[2025-09-08 17:44:32.564] [INFO ] [SESSION] Process: 25.ff08e50c-7c7e-4e9b-93f9-74d64ae97187
[2025-09-08 17:44:32.564] [INFO ] [SESSION] Duration: 1,4s
[2025-09-08 17:44:32.564] [INFO ] [SESSION] Artifacts Processed: 0
[2025-09-08 17:44:32.564] [INFO ] [SESSION] Warnings: 10
[2025-09-08 17:44:32.564] [INFO ] [SESSION] Errors: 0
[2025-09-08 17:44:32.564] [INFO ] [SESSION] Performance Breakdown:
[2025-09-08 17:44:32.564] [INFO ] [SESSION]   metrics_report: 39ms
[2025-09-08 17:44:32.564] [INFO ] [SESSION]   total_analysis: 1,4s
[2025-09-08 17:44:32.564] [INFO ] [SESSION]   total_pipeline: 1,3s
[2025-09-08 17:44:32.564] [INFO ] [SESSION]   process_loading: 507ms
[2025-09-08 17:44:32.564] [INFO ] [SESSION]   json_generation: 49ms
[2025-09-08 17:44:32.564] [INFO ] [SESSION]   validation_report: 43ms
[2025-09-08 17:44:32.564] [INFO ] [SESSION]   report_population: 676ms
[2025-09-08 17:44:32.564] [INFO ] [SESSION]   quality_report: 53ms
[2025-09-08 17:44:32.564] [INFO ] [SESSION]   loader_init: 58ms
[2025-09-08 17:44:32.564] [INFO ] [SESSION] Warnings Summary:
[2025-09-08 17:44:32.564] [INFO ] [SESSION]   - Validation errors found in: 2 - Orcamentar Impl 2
[2025-09-08 17:44:32.564] [INFO ] [SESSION]   - Validation errors found in: 2 - Orcamentar Impl
[2025-09-08 17:44:32.564] [INFO ] [SESSION]   - Validation errors found in: Recondicionamentos - Novo pedido
[2025-09-08 17:44:32.564] [INFO ] [SESSION]   - Validation errors found in: 
[2025-09-08 17:44:32.564] [INFO ] [SESSION]   - Validation errors found in: 
[2025-09-08 17:44:32.564] [INFO ] [SESSION]   ... and 5 more warnings
[2025-09-08 17:44:32.565] [INFO ] [SESSION] === END SUMMARY ===
[2025-09-08 17:44:32.565] [INFO ] [SESSION] Analysis session completed: d04aeafb
[2025-09-08 17:44:32.565] [WARN ] [PERF] Timer not found: total_analysis
[2025-09-08 17:44:32.565] [INFO ] [SESSION] Analysis session completed: d04aeafb
