[2025-09-08 14:40:05.651] [INFO ] [SESSION] Started analysis session: 71ab66ca (Project: Gestao_de_Recondicionamentos_Caetano_Retail, Process: 1.bb9e4380-1a35-4777-9cf8-4eecf125d679)
[2025-09-08 14:40:05.652] [DEBUG] [PERF] Started timer: total_analysis
[2025-09-08 14:40:05.652] [MILE ] [PIPELINE] Starting analysis pipeline
[2025-09-08 14:40:05.653] [DEBUG] [PERF] Started timer: total_pipeline
[2025-09-08 14:40:05.653] [INFO ] [MAIN] Initializing ProcessLoader...
[2025-09-08 14:40:05.653] [DEBUG] [PERF] Started timer: loader_init
[2025-09-08 14:40:05.958] [INFO ] [PERF] Timer loader_init: 305ms
[2025-09-08 14:40:05.960] [INFO ] [MAIN] Loading process tree for: 1.bb9e4380-1a35-4777-9cf8-4eecf125d679
[2025-09-08 14:40:05.961] [DEBUG] [PERF] Started timer: process_loading
[2025-09-08 14:40:06.357] [INFO ] [PERF] Timer process_loading: 395ms
[2025-09-08 14:40:06.357] [DEBUG] [MAIN] Memory: Used=12MB, Free=229MB, Total=241MB, Max=3572MB
[2025-09-08 14:40:06.358] [INFO ] [MAIN] Creating report generator...
[2025-09-08 14:40:06.388] [INFO ] [MAIN] Initializing V3 navigator...
[2025-09-08 14:40:06.397] [INFO ] [MAIN] Populating main report...
[2025-09-08 14:40:06.397] [DEBUG] [PERF] Started timer: report_population
[2025-09-08 14:40:06.841] [INFO ] [PERF] Timer report_population: 444ms
[2025-09-08 14:40:06.842] [INFO ] [MAIN] Generating final JSON...
[2025-09-08 14:40:06.842] [DEBUG] [PERF] Started timer: json_generation
[2025-09-08 14:40:06.941] [INFO ] [PERF] Timer json_generation: 99ms
[2025-09-08 14:40:06.945] [INFO ] [PERF] Timer total_pipeline: 1,3s
[2025-09-08 14:40:06.945] [MILE ] [PIPELINE] Analysis pipeline completed
[2025-09-08 14:40:06.946] [MILE ] [REPORTS] Starting comprehensive report generation
[2025-09-08 14:40:06.952] [INFO ] [REPORTS] Generating quality analysis report...
[2025-09-08 14:40:06.952] [DEBUG] [PERF] Started timer: quality_report
[2025-09-08 14:40:06.995] [INFO ] [REPORTS] Quality report saved: output\20250908_144005_processoLegado_v3_quality_report.txt
[2025-09-08 14:40:06.995] [INFO ] [PERF] Timer quality_report: 43ms
[2025-09-08 14:40:06.995] [INFO ] [REPORTS] Generating BPMN structure validation...
[2025-09-08 14:40:06.995] [DEBUG] [PERF] Started timer: validation_report
[2025-09-08 14:40:06.997] [DEBUG] [VALIDATION] Validating artifact: Update Reconditioning Request
[2025-09-08 14:40:07.003] [DEBUG] [VALIDATION] Validating artifact: Get User Locale and Set Task sub
[2025-09-08 14:40:07.004] [DEBUG] [VALIDATION] Validating artifact: SQL Execute Multiple Statements (SQLResult)
[2025-09-08 14:40:07.004] [DEBUG] [VALIDATION] Validating artifact: Update All Reconditioning Data
[2025-09-08 14:40:07.005] [DEBUG] [VALIDATION] Validating artifact: SQL Execute Statement
[2025-09-08 14:40:07.005] [DEBUG] [VALIDATION] Validating artifact: Limpar Lista Items de Recondicionamento
[2025-09-08 14:40:07.005] [DEBUG] [VALIDATION] Validating artifact: Update Areas and Services
[2025-09-08 14:40:07.007] [DEBUG] [VALIDATION] Validating artifact: Register Date Records
[2025-09-08 14:40:07.007] [DEBUG] [VALIDATION] Validating artifact: Get Dealer Structure Persons By Profile JAR
[2025-09-08 14:40:07.008] [DEBUG] [VALIDATION] Validating artifact: Register Entities
[2025-09-08 14:40:07.009] [DEBUG] [VALIDATION] Validating artifact: Get Employee
[2025-09-08 14:40:07.010] [DEBUG] [VALIDATION] Validating artifact: Get Task Users
[2025-09-08 14:40:07.010] [DEBUG] [VALIDATION] Validating artifact: Validar Avaliar Orçamento
[2025-09-08 14:40:07.011] [DEBUG] [VALIDATION] Validating artifact: Get Employee JAR
[2025-09-08 14:40:07.012] [DEBUG] [VALIDATION] Validating artifact: Get Dealer Structure Persons By Profile
[2025-09-08 14:40:07.013] [DEBUG] [VALIDATION] Validating artifact: Stringfy Entidade
[2025-09-08 14:40:07.014] [DEBUG] [VALIDATION] Validating artifact: 3 - Avaliar Orcamento Impl
[2025-09-08 14:40:07.014] [DEBUG] [VALIDATION] Validating artifact: SQL Execute Statement (SQLResult)
[2025-09-08 14:40:07.014] [DEBUG] [VALIDATION] Validating artifact: SQL Execute Multiple Statements
[2025-09-08 14:40:07.015] [DEBUG] [VALIDATION] Validating artifact: 3 - Avaliar Orcamento
[2025-09-08 14:40:07.018] [INFO ] [REPORTS] Validation report saved: output\20250908_144005_processoLegado_v3_validation_report.txt
[2025-09-08 14:40:07.018] [INFO ] [PERF] Timer validation_report: 23ms
[2025-09-08 14:40:07.018] [INFO ] [REPORTS] Generating process metrics...
[2025-09-08 14:40:07.018] [DEBUG] [PERF] Started timer: metrics_report
[2025-09-08 14:40:07.037] [INFO ] [REPORTS] Metrics report saved: output\20250908_144005_processoLegado_v3_metrics_report.html
[2025-09-08 14:40:07.037] [INFO ] [PERF] Timer metrics_report: 19ms
[2025-09-08 14:40:07.039] [INFO ] [SUMMARY] Navigation Analysis: NavigationAnalysis{artifacts=20, dependencies=0, paths=32, time=640ms, complex=NO}
[2025-09-08 14:40:07.040] [INFO ] [SUMMARY] Quality Analysis: QualityReport{issues=186, recommendations=3, score=Poor}
[2025-09-08 14:40:07.041] [WARN ] [QUALITY] Quality analysis for OVERALL: Score=Poor, Issues=186
[2025-09-08 14:40:07.044] [INFO ] [SUMMARY] Validation Analysis: BpmnValidationReport{artifacts=20, valid=14, invalid=0, totalIssues=110}
[2025-09-08 14:40:07.049] [INFO ] [SUMMARY] Metrics Analysis: ProcessMetricsReport{artifacts=20, generated=Mon Sep 08 14:40:07 BRT 2025, summary=AggregatedMetrics{artifacts=20, avgComplexity=16,8, avgAI-Ready=89,2, highQuality=17}}
[2025-09-08 14:40:07.050] [WARN ] [SUMMARY] HIGH COMPLEXITY DETECTED
[2025-09-08 14:40:07.050] [WARN ] [SUMMARY] Maximum nesting depth: 1
[2025-09-08 14:40:07.050] [WARN ] [SUMMARY] Total subprocesses: 34
[2025-09-08 14:40:07.051] [WARN ] [SUMMARY] Complex artifacts: 8
[2025-09-08 14:40:07.051] [MILE ] [REPORTS] Comprehensive reports completed
[2025-09-08 14:40:07.052] [INFO ] [PERF] Timer total_analysis: 1,4s
[2025-09-08 14:40:07.052] [INFO ] [SESSION] === ANALYSIS SESSION SUMMARY ===
[2025-09-08 14:40:07.052] [INFO ] [SESSION] Session ID: 71ab66ca
[2025-09-08 14:40:07.052] [INFO ] [SESSION] Project: Gestao_de_Recondicionamentos_Caetano_Retail
[2025-09-08 14:40:07.052] [INFO ] [SESSION] Process: 1.bb9e4380-1a35-4777-9cf8-4eecf125d679
[2025-09-08 14:40:07.052] [INFO ] [SESSION] Duration: 1,4s
[2025-09-08 14:40:07.052] [INFO ] [SESSION] Artifacts Processed: 0
[2025-09-08 14:40:07.052] [INFO ] [SESSION] Warnings: 5
[2025-09-08 14:40:07.052] [INFO ] [SESSION] Errors: 0
[2025-09-08 14:40:07.052] [INFO ] [SESSION] Performance Breakdown:
[2025-09-08 14:40:07.052] [INFO ] [SESSION]   metrics_report: 19ms
[2025-09-08 14:40:07.052] [INFO ] [SESSION]   total_analysis: 1,4s
[2025-09-08 14:40:07.053] [INFO ] [SESSION]   total_pipeline: 1,3s
[2025-09-08 14:40:07.053] [INFO ] [SESSION]   process_loading: 395ms
[2025-09-08 14:40:07.053] [INFO ] [SESSION]   json_generation: 99ms
[2025-09-08 14:40:07.053] [INFO ] [SESSION]   validation_report: 23ms
[2025-09-08 14:40:07.053] [INFO ] [SESSION]   report_population: 444ms
[2025-09-08 14:40:07.053] [INFO ] [SESSION]   quality_report: 43ms
[2025-09-08 14:40:07.053] [INFO ] [SESSION]   loader_init: 305ms
[2025-09-08 14:40:07.053] [INFO ] [SESSION] Warnings Summary:
[2025-09-08 14:40:07.053] [INFO ] [SESSION]   - Quality analysis for OVERALL: Score=Poor, Issues=186
[2025-09-08 14:40:07.053] [INFO ] [SESSION]   - HIGH COMPLEXITY DETECTED
[2025-09-08 14:40:07.053] [INFO ] [SESSION]   - Maximum nesting depth: 1
[2025-09-08 14:40:07.053] [INFO ] [SESSION]   - Total subprocesses: 34
[2025-09-08 14:40:07.053] [INFO ] [SESSION]   - Complex artifacts: 8
[2025-09-08 14:40:07.053] [INFO ] [SESSION] === END SUMMARY ===
[2025-09-08 14:40:07.053] [INFO ] [SESSION] Analysis session completed: 71ab66ca
[2025-09-08 14:40:07.054] [WARN ] [PERF] Timer not found: total_analysis
[2025-09-08 14:40:07.054] [INFO ] [SESSION] Analysis session completed: 71ab66ca
