[2025-09-09 12:08:40.084] [INFO ] [SESSION] Started analysis session: 4a8616d7 (Project: Gestao_de_Recondicionamentos_Caetano_Retail, Process: 25.ff08e50c-7c7e-4e9b-93f9-74d64ae97187)
[2025-09-09 12:08:40.085] [DEBUG] [PERF] Started timer: total_analysis
[2025-09-09 12:08:40.085] [MILE ] [PIPELINE] Starting analysis pipeline
[2025-09-09 12:08:40.086] [DEBUG] [PERF] Started timer: total_pipeline
[2025-09-09 12:08:40.086] [INFO ] [MAIN] Initializing ProcessLoader...
[2025-09-09 12:08:40.086] [DEBUG] [PERF] Started timer: loader_init
[2025-09-09 12:08:40.546] [INFO ] [PERF] Timer loader_init: 457ms
[2025-09-09 12:08:40.546] [INFO ] [MAIN] Loading process tree for: 25.ff08e50c-7c7e-4e9b-93f9-74d64ae97187
[2025-09-09 12:08:40.546] [DEBUG] [PERF] Started timer: process_loading
[2025-09-09 12:08:41.479] [INFO ] [PERF] Timer process_loading: 933ms
[2025-09-09 12:08:41.479] [DEBUG] [MAIN] Memory: Used=55MB, Free=249MB, Total=304MB, Max=3572MB
[2025-09-09 12:08:41.479] [INFO ] [MAIN] Creating report generator...
[2025-09-09 12:08:41.486] [INFO ] [MAIN] Initializing V3 navigator...
[2025-09-09 12:08:41.501] [INFO ] [MAIN] Populating main report...
[2025-09-09 12:08:41.501] [DEBUG] [PERF] Started timer: report_population
[2025-09-09 12:08:42.814] [INFO ] [PERF] Timer report_population: 1,3s
[2025-09-09 12:08:42.814] [INFO ] [MAIN] Generating final JSON...
[2025-09-09 12:08:42.814] [DEBUG] [PERF] Started timer: json_generation
[2025-09-09 12:08:43.005] [INFO ] [PERF] Timer json_generation: 191ms
[2025-09-09 12:08:43.005] [INFO ] [PERF] Timer total_pipeline: 2,9s
[2025-09-09 12:08:43.005] [MILE ] [PIPELINE] Analysis pipeline completed
[2025-09-09 12:08:43.005] [MILE ] [REPORTS] Starting comprehensive report generation
[2025-09-09 12:08:43.016] [INFO ] [REPORTS] Generating quality analysis report...
[2025-09-09 12:08:43.016] [DEBUG] [PERF] Started timer: quality_report
[2025-09-09 12:08:43.060] [INFO ] [REPORTS] Quality report saved: output\20250909_120839_processoLegado_v3_quality_report.txt
[2025-09-09 12:08:43.060] [INFO ] [PERF] Timer quality_report: 44ms
[2025-09-09 12:08:43.060] [INFO ] [REPORTS] Generating BPMN structure validation...
[2025-09-09 12:08:43.060] [DEBUG] [PERF] Started timer: validation_report
[2025-09-09 12:08:43.060] [DEBUG] [VALIDATION] Validating artifact: 2 - Orcamentar Impl 2
[2025-09-09 12:08:43.066] [WARN ] [VALIDATION] Validation errors found in: 2 - Orcamentar Impl 2
[2025-09-09 12:08:43.066] [DEBUG] [VALIDATION] Validating artifact: Get Vehicle Data
[2025-09-09 12:08:43.066] [DEBUG] [VALIDATION] Validating artifact: Email BPM
[2025-09-09 12:08:43.066] [DEBUG] [VALIDATION] Validating artifact: SQL Execute Multiple Statements (SQLResult)
[2025-09-09 12:08:43.066] [DEBUG] [VALIDATION] Validating artifact: 2 - Orcamentar Impl
[2025-09-09 12:08:43.066] [WARN ] [VALIDATION] Validation errors found in: 2 - Orcamentar Impl
[2025-09-09 12:08:43.066] [DEBUG] [VALIDATION] Validating artifact: SQL Execute Statement
[2025-09-09 12:08:43.066] [DEBUG] [VALIDATION] Validating artifact: Get Email Template
[2025-09-09 12:08:43.068] [DEBUG] [VALIDATION] Validating artifact: Recondicionamentos - Novo pedido
[2025-09-09 12:08:43.068] [WARN ] [VALIDATION] Validation errors found in: Recondicionamentos - Novo pedido
[2025-09-09 12:08:43.068] [DEBUG] [VALIDATION] Validating artifact: Get Employee
[2025-09-09 12:08:43.068] [DEBUG] [VALIDATION] Validating artifact: Eurotax
[2025-09-09 12:08:43.068] [DEBUG] [VALIDATION] Validating artifact: GetXref
[2025-09-09 12:08:43.068] [DEBUG] [VALIDATION] Validating artifact: Validar Pedido Recondicionamento
[2025-09-09 12:08:43.068] [DEBUG] [VALIDATION] Validating artifact: Send E-mail via SMTP
[2025-09-09 12:08:43.068] [DEBUG] [VALIDATION] Validating artifact: Get Employees
[2025-09-09 12:08:43.068] [DEBUG] [VALIDATION] Validating artifact: Get Employee JAR
[2025-09-09 12:08:43.068] [DEBUG] [VALIDATION] Validating artifact: Cancel Reconditioning Request
[2025-09-09 12:08:43.068] [DEBUG] [VALIDATION] Validating artifact: 1 - Pedido Recondicionamento Impl
[2025-09-09 12:08:43.068] [DEBUG] [VALIDATION] Validating artifact: Notificar Conclusão do Processo
[2025-09-09 12:08:43.068] [DEBUG] [VALIDATION] Validating artifact: __Register or Update Reconditioning Data
[2025-09-09 12:08:43.068] [DEBUG] [VALIDATION] Validating artifact: SQL Execute Statement (SQLResult)
[2025-09-09 12:08:43.068] [DEBUG] [VALIDATION] Validating artifact: Notificar Inicio do Processo
[2025-09-09 12:08:43.068] [DEBUG] [VALIDATION] Validating artifact: Notificar Autorização
[2025-09-09 12:08:43.068] [DEBUG] [VALIDATION] Validating artifact: Get User Locale and Set Task sub
[2025-09-09 12:08:43.068] [DEBUG] [VALIDATION] Validating artifact: 4 - Indicar Inicio da Reparação Impl
[2025-09-09 12:08:43.068] [DEBUG] [VALIDATION] Validating artifact: Limpar Lista Items de Recondicionamento
[2025-09-09 12:08:43.068] [DEBUG] [VALIDATION] Validating artifact: Register Date Records
[2025-09-09 12:08:43.068] [DEBUG] [VALIDATION] Validating artifact: GRCR Init Instance
[2025-09-09 12:08:43.068] [DEBUG] [VALIDATION] Validating artifact: Get IdBpmProcess
[2025-09-09 12:08:43.068] [DEBUG] [VALIDATION] Validating artifact: Notificar Reorçamentar
[2025-09-09 12:08:43.068] [DEBUG] [VALIDATION] Validating artifact: Voltar para Orcamento
[2025-09-09 12:08:43.076] [DEBUG] [VALIDATION] Validating artifact: Register General Process Start
[2025-09-09 12:08:43.076] [DEBUG] [VALIDATION] Validating artifact: Get Task Users
[2025-09-09 12:08:43.076] [DEBUG] [VALIDATION] Validating artifact: Notificar Atraso ou Alteracao
[2025-09-09 12:08:43.076] [DEBUG] [VALIDATION] Validating artifact: 
[2025-09-09 12:08:43.076] [WARN ] [VALIDATION] Validation errors found in: 
[2025-09-09 12:08:43.076] [DEBUG] [VALIDATION] Validating artifact: Get Dealer Structure Persons By Profile
[2025-09-09 12:08:43.076] [DEBUG] [VALIDATION] Validating artifact: 0  - Verificar Tamanhos
[2025-09-09 12:08:43.076] [DEBUG] [VALIDATION] Validating artifact: Stringfy Entidade
[2025-09-09 12:08:43.076] [DEBUG] [VALIDATION] Validating artifact: Register Reconditioning Data
[2025-09-09 12:08:43.076] [DEBUG] [VALIDATION] Validating artifact: Popular Emails
[2025-09-09 12:08:43.076] [DEBUG] [VALIDATION] Validating artifact: 1 - Pedido Recondicionamento
[2025-09-09 12:08:43.076] [DEBUG] [VALIDATION] Validating artifact: GSSGRCRService
[2025-09-09 12:08:43.078] [DEBUG] [VALIDATION] Validating artifact: Notificar Cancelamento do Processo
[2025-09-09 12:08:43.078] [DEBUG] [VALIDATION] Validating artifact: Change Reconditioning Repair Start
[2025-09-09 12:08:43.078] [DEBUG] [VALIDATION] Validating artifact: Adicionar Dias Uteis JAR
[2025-09-09 12:08:43.078] [DEBUG] [VALIDATION] Validating artifact: Register New Budget
[2025-09-09 12:08:43.078] [DEBUG] [VALIDATION] Validating artifact: 3 - Avaliar Orcamento
[2025-09-09 12:08:43.078] [DEBUG] [VALIDATION] Validating artifact: BPM Service Monitor
[2025-09-09 12:08:43.078] [DEBUG] [VALIDATION] Validating artifact: Get Vehicle Wheels
[2025-09-09 12:08:43.078] [DEBUG] [VALIDATION] Validating artifact: GRCR Adhoc Service Upd Start Date
[2025-09-09 12:08:43.078] [DEBUG] [VALIDATION] Validating artifact: Validar Inicio de Reparacao
[2025-09-09 12:08:43.078] [DEBUG] [VALIDATION] Validating artifact: 5 - Actualizar Previsoes
[2025-09-09 12:08:43.078] [DEBUG] [VALIDATION] Validating artifact: Validar Orçamento
[2025-09-09 12:08:43.078] [DEBUG] [VALIDATION] Validating artifact: Items de Recondicionamento Table
[2025-09-09 12:08:43.078] [DEBUG] [VALIDATION] Validating artifact: Update All Reconditioning Data
[2025-09-09 12:08:43.078] [DEBUG] [VALIDATION] Validating artifact: Update Areas and Services
[2025-09-09 12:08:43.078] [DEBUG] [VALIDATION] Validating artifact: 2 - Orcamentar
[2025-09-09 12:08:43.081] [DEBUG] [VALIDATION] Validating artifact: Notificar Viatura Pronta
[2025-09-09 12:08:43.081] [DEBUG] [VALIDATION] Validating artifact: Get Dealer Structure Persons By Profile JAR
[2025-09-09 12:08:43.081] [DEBUG] [VALIDATION] Validating artifact: Notificar Canalização do Processo
[2025-09-09 12:08:43.081] [DEBUG] [VALIDATION] Validating artifact: Notificar Excepção Ocorrida
[2025-09-09 12:08:43.081] [DEBUG] [VALIDATION] Validating artifact: SQL Call Stored Procedure
[2025-09-09 12:08:43.081] [DEBUG] [VALIDATION] Validating artifact: Validar Avaliar Orçamento
[2025-09-09 12:08:43.081] [DEBUG] [VALIDATION] Validating artifact: 
[2025-09-09 12:08:43.081] [WARN ] [VALIDATION] Validation errors found in: 
[2025-09-09 12:08:43.081] [DEBUG] [VALIDATION] Validating artifact: GRCR Upd Instance Data
[2025-09-09 12:08:43.081] [DEBUG] [VALIDATION] Validating artifact: Validar Atualizar Status
[2025-09-09 12:08:43.081] [DEBUG] [VALIDATION] Validating artifact: GRCR Adhoc Service Upd PRD
[2025-09-09 12:08:43.081] [DEBUG] [VALIDATION] Validating artifact: GRCR Adhoc Service Pipe
[2025-09-09 12:08:43.083] [DEBUG] [VALIDATION] Validating artifact: Notificar Previsao Fim Reparação
[2025-09-09 12:08:43.083] [DEBUG] [VALIDATION] Validating artifact: Update Reconditioning Request
[2025-09-09 12:08:43.083] [DEBUG] [VALIDATION] Validating artifact: Get price table
[2025-09-09 12:08:43.083] [DEBUG] [VALIDATION] Validating artifact: 7 - Finalizar Processo Entidade Externa Impl
[2025-09-09 12:08:43.084] [DEBUG] [VALIDATION] Validating artifact: 5 - Actualizar Previsoes Impl
[2025-09-09 12:08:43.084] [DEBUG] [VALIDATION] Validating artifact: Resposta Automática Viatura Pronta
[2025-09-09 12:08:43.084] [DEBUG] [VALIDATION] Validating artifact: HTTP Request
[2025-09-09 12:08:43.084] [DEBUG] [VALIDATION] Validating artifact: Register Entities
[2025-09-09 12:08:43.084] [DEBUG] [VALIDATION] Validating artifact: GRCR New Process
[2025-09-09 12:08:43.084] [DEBUG] [VALIDATION] Validating artifact: Is Employee In Profile
[2025-09-09 12:08:43.084] [DEBUG] [VALIDATION] Validating artifact: Change Reconditioning PRD Status
[2025-09-09 12:08:43.084] [DEBUG] [VALIDATION] Validating artifact: 4 - Indicar Inicio da Reparação
[2025-09-09 12:08:43.084] [DEBUG] [VALIDATION] Validating artifact: 6 - Indicar Responsabilidade de Entrega Viatura Impl
[2025-09-09 12:08:43.084] [DEBUG] [VALIDATION] Validating artifact: 0 - Controlar Excepção Ocorrida
[2025-09-09 12:08:43.084] [DEBUG] [VALIDATION] Validating artifact: Adicionar Dias Uteis
[2025-09-09 12:08:43.084] [DEBUG] [VALIDATION] Validating artifact: Set Dates External Entities
[2025-09-09 12:08:43.084] [DEBUG] [VALIDATION] Validating artifact: Validar Recepção de Viatura
[2025-09-09 12:08:43.084] [DEBUG] [VALIDATION] Validating artifact: Get Main Pole, Brand and Platform
[2025-09-09 12:08:43.084] [DEBUG] [VALIDATION] Validating artifact: 3 - Avaliar Orcamento Impl
[2025-09-09 12:08:43.086] [DEBUG] [VALIDATION] Validating artifact: Repopular Items de Recondicionamento
[2025-09-09 12:08:43.086] [DEBUG] [VALIDATION] Validating artifact: SQL Execute Multiple Statements
[2025-09-09 12:08:43.086] [DEBUG] [VALIDATION] Validating artifact: SQL Call Stored Procedure  (SQLResult)
[2025-09-09 12:08:43.086] [DEBUG] [VALIDATION] Validating artifact: Detalhe Processo [INTRCTRL]
[2025-09-09 12:08:43.088] [DEBUG] [VALIDATION] Validating artifact: Get Annual Holidays
[2025-09-09 12:08:43.090] [INFO ] [REPORTS] Validation report saved: output\20250909_120839_processoLegado_v3_validation_report.txt
[2025-09-09 12:08:43.090] [INFO ] [PERF] Timer validation_report: 30ms
[2025-09-09 12:08:43.090] [INFO ] [REPORTS] Generating process metrics...
[2025-09-09 12:08:43.090] [DEBUG] [PERF] Started timer: metrics_report
[2025-09-09 12:08:43.125] [INFO ] [REPORTS] Metrics report saved: output\20250909_120839_processoLegado_v3_metrics_report.html
[2025-09-09 12:08:43.125] [INFO ] [PERF] Timer metrics_report: 35ms
[2025-09-09 12:08:43.127] [INFO ] [SUMMARY] Navigation Analysis: NavigationAnalysis{artifacts=91, dependencies=0, paths=127, time=1,6s, complex=YES}
[2025-09-09 12:08:43.127] [INFO ] [SUMMARY] Quality Analysis: QualityReport{issues=1193, recommendations=3, score=Poor}
[2025-09-09 12:08:43.127] [WARN ] [QUALITY] Quality analysis for OVERALL: Score=Poor, Issues=1193
[2025-09-09 12:08:43.132] [INFO ] [SUMMARY] Validation Analysis: BpmnValidationReport{artifacts=91, valid=69, invalid=5, totalIssues=773}
[2025-09-09 12:08:43.132] [INFO ] [SUMMARY] Metrics Analysis: ProcessMetricsReport{artifacts=91, generated=Tue Sep 09 12:08:43 BRT 2025, summary=AggregatedMetrics{artifacts=91, avgComplexity=17,8, avgAI-Ready=86,2, highQuality=71}}
[2025-09-09 12:08:43.137] [WARN ] [SUMMARY] HIGH COMPLEXITY DETECTED
[2025-09-09 12:08:43.137] [WARN ] [SUMMARY] Maximum nesting depth: 1
[2025-09-09 12:08:43.137] [WARN ] [SUMMARY] Total subprocesses: 202
[2025-09-09 12:08:43.137] [WARN ] [SUMMARY] Complex artifacts: 46
[2025-09-09 12:08:43.137] [MILE ] [REPORTS] Comprehensive reports completed
[2025-09-09 12:08:43.137] [INFO ] [PERF] Timer total_analysis: 3,1s
[2025-09-09 12:08:43.137] [INFO ] [SESSION] === ANALYSIS SESSION SUMMARY ===
[2025-09-09 12:08:43.137] [INFO ] [SESSION] Session ID: 4a8616d7
[2025-09-09 12:08:43.137] [INFO ] [SESSION] Project: Gestao_de_Recondicionamentos_Caetano_Retail
[2025-09-09 12:08:43.137] [INFO ] [SESSION] Process: 25.ff08e50c-7c7e-4e9b-93f9-74d64ae97187
[2025-09-09 12:08:43.137] [INFO ] [SESSION] Duration: 3,1s
[2025-09-09 12:08:43.137] [INFO ] [SESSION] Artifacts Processed: 0
[2025-09-09 12:08:43.139] [INFO ] [SESSION] Warnings: 10
[2025-09-09 12:08:43.139] [INFO ] [SESSION] Errors: 0
[2025-09-09 12:08:43.139] [INFO ] [SESSION] Performance Breakdown:
[2025-09-09 12:08:43.139] [INFO ] [SESSION]   metrics_report: 35ms
[2025-09-09 12:08:43.139] [INFO ] [SESSION]   total_analysis: 3,1s
[2025-09-09 12:08:43.139] [INFO ] [SESSION]   total_pipeline: 2,9s
[2025-09-09 12:08:43.139] [INFO ] [SESSION]   process_loading: 933ms
[2025-09-09 12:08:43.139] [INFO ] [SESSION]   json_generation: 191ms
[2025-09-09 12:08:43.139] [INFO ] [SESSION]   validation_report: 30ms
[2025-09-09 12:08:43.139] [INFO ] [SESSION]   report_population: 1,3s
[2025-09-09 12:08:43.139] [INFO ] [SESSION]   quality_report: 44ms
[2025-09-09 12:08:43.139] [INFO ] [SESSION]   loader_init: 457ms
[2025-09-09 12:08:43.139] [INFO ] [SESSION] Warnings Summary:
[2025-09-09 12:08:43.139] [INFO ] [SESSION]   - Validation errors found in: 2 - Orcamentar Impl 2
[2025-09-09 12:08:43.139] [INFO ] [SESSION]   - Validation errors found in: 2 - Orcamentar Impl
[2025-09-09 12:08:43.139] [INFO ] [SESSION]   - Validation errors found in: Recondicionamentos - Novo pedido
[2025-09-09 12:08:43.139] [INFO ] [SESSION]   - Validation errors found in: 
[2025-09-09 12:08:43.139] [INFO ] [SESSION]   - Validation errors found in: 
[2025-09-09 12:08:43.139] [INFO ] [SESSION]   ... and 5 more warnings
[2025-09-09 12:08:43.139] [INFO ] [SESSION] === END SUMMARY ===
[2025-09-09 12:08:43.139] [INFO ] [SESSION] Analysis session completed: 4a8616d7
[2025-09-09 12:08:43.139] [WARN ] [PERF] Timer not found: total_analysis
[2025-09-09 12:08:43.139] [INFO ] [SESSION] Analysis session completed: 4a8616d7
